
> rural-housing-platform@1.0.0 build
> vite build

[36mvite v7.3.1 [32mbuilding client environment for production...[36m[39m
transforming...
[32mΓ£ô[39m 2146 modules transformed.
node.exe : 
[31mΓ£ù[39m Build 
failed in 2.66s
At C:\Program Files\n
odejs\npm.ps1:29 
char:3
+   & $NODE_EXE 
$NPM_CLI_JS $args
+   ~~~~~~~~~~~~~~~~~
~~~~~~~~~~~~
    + CategoryInfo   
           : NotSpe  
  cified: ([31mΓ£   
 ù[39m Build fai    
led in 2.66s:Str    
ing) [], RemoteE    
xception
    + FullyQualified 
   ErrorId : Native  
  CommandError
 
[31merror during 
build:
[31msrc/components/G
overnmentAlignment.js
x (2:49): 
"CheckShield" is not 
exported by "node_mod
ules/lucide-react/dis
t/esm/lucide-react.js
", imported by "src/c
omponents/GovernmentA
lignment.jsx".[31m
file: [36mE:/project
s/thoothukodi hack/ru
ral-housing-platform/
src/components/Govern
mentAlignment.jsx:2:4
9[31m
[33m
1: import React from 
'react';
2: import { 
Landmark, Users, 
Briefcase, 
TrendingUp, 
CheckShield } from 
'lucide-react';
                     
                     
          ^
3: 
4: const 
GovernmentAlignment 
= () => {
[31m
    at 
getRollupError (file:
///E:/projects/thooth
ukodi%20hack/rural-ho
using-platform/node_m
odules/rollup/dist/es
/shared/parseAst.js:4
02:41)
    at error (file://
/E:/projects/thoothuk
odi%20hack/rural-hous
ing-platform/node_mod
ules/rollup/dist/es/s
hared/parseAst.js:398
:42)
    at Module.error (
file:///E:/projects/t
hoothukodi%20hack/rur
al-housing-platform/n
ode_modules/rollup/di
st/es/shared/node-ent
ry.js:17040:16)
    at 
Module.traceVariable 
(file:///E:/projects/
thoothukodi%20hack/ru
ral-housing-platform/
node_modules/rollup/d
ist/es/shared/node-en
try.js:17452:29)
    at ModuleScope.fi
ndVariable (file:///E
:/projects/thoothukod
i%20hack/rural-housin
g-platform/node_modul
es/rollup/dist/es/sha
red/node-entry.js:150
70:39)
    at ReturnValueSco
pe.findVariable (file
:///E:/projects/thoot
hukodi%20hack/rural-h
ousing-platform/node_
modules/rollup/dist/e
s/shared/node-entry.j
s:5673:38)
    at FunctionBodySc
ope.findVariable (fil
e:///E:/projects/thoo
thukodi%20hack/rural-
housing-platform/node
_modules/rollup/dist/
es/shared/node-entry.
js:5673:38)
    at 
Identifier.bind (file
:///E:/projects/thoot
hukodi%20hack/rural-h
ousing-platform/node_
modules/rollup/dist/e
s/shared/node-entry.j
s:5447:40)
    at 
CallExpression.bind (
file:///E:/projects/t
hoothukodi%20hack/rur
al-housing-platform/n
ode_modules/rollup/di
st/es/shared/node-ent
ry.js:2825:28)
    at 
CallExpression.bind (
file:///E:/projects/t
hoothukodi%20hack/rur
al-housing-platform/n
ode_modules/rollup/di
st/es/shared/node-ent
ry.js:12179:15)[39m
